[    0.000000] Linux version 4.15.0-112-generic (buildd@lcy01-amd64-027) (gcc version 7.5.0 (Ubuntu 7.5.0-3ubuntu1~18.04)) #113-Ubuntu SMP Thu Jul 9 23:41:39 UTC 2020 (Ubuntu 4.15.0-112.113-generic 4.15.18)
[    0.000000] Command line: BOOT_IMAGE=/boot/vmlinuz-4.15.0-112-generic root=LABEL=cloudimg-rootfs ro console=tty1 console=ttyS0
[    0.000000] KERNEL supported cpus:
[    0.000000]   Intel GenuineIntel
[    0.000000]   AMD AuthenticAMD
[    0.000000]   Centaur CentaurHauls
[    0.000000] x86/fpu: Supporting XSAVE feature 0x001: 'x87 floating point registers'
[    0.000000] x86/fpu: Supporting XSAVE feature 0x002: 'SSE registers'
[    0.000000] x86/fpu: Supporting XSAVE feature 0x004: 'AVX registers'
[    0.000000] x86/fpu: xstate_offset[2]:  576, xstate_sizes[2]:  256
[    0.000000] x86/fpu: Enabled xstate features 0x7, context size is 832 bytes, using 'standard' format.
[    0.000000] e820: BIOS-provided physical RAM map:
[    0.000000] BIOS-e820: [mem 0x0000000000000000-0x000000000009fbff] usable
[    0.000000] BIOS-e820: [mem 0x000000000009fc00-0x000000000009ffff] reserved
[    0.000000] BIOS-e820: [mem 0x00000000000f0000-0x00000000000fffff] reserved
[    0.000000] BIOS-e820: [mem 0x0000000000100000-0x000000007ffeffff] usable
[    0.000000] BIOS-e820: [mem 0x000000007fff0000-0x000000007fffffff] ACPI data
[    0.000000] BIOS-e820: [mem 0x00000000fec00000-0x00000000fec00fff] reserved
[    0.000000] BIOS-e820: [mem 0x00000000fee00000-0x00000000fee00fff] reserved
[    0.000000] BIOS-e820: [mem 0x00000000fffc0000-0x00000000ffffffff] reserved
[    0.000000] NX (Execute Disable) protection: active
[    0.000000] SMBIOS 2.5 present.
[    0.000000] DMI: innotek GmbH VirtualBox/VirtualBox, BIOS VirtualBox 12/01/2006
[    0.000000] Hypervisor detected: KVM
[    0.000000] e820: last_pfn = 0x7fff0 max_arch_pfn = 0x400000000
[    0.000000] MTRR: Disabled
[    0.000000] x86/PAT: MTRRs disabled, skipping PAT initialization too.
[    0.000000] CPU MTRRs all blank - virtualized system.
[    0.000000] x86/PAT: Configuration [0-7]: WB  WT  UC- UC  WB  WT  UC- UC  
[    0.000000] found SMP MP-table at [mem 0x0009fff0-0x0009ffff]
[    0.000000] Scanning 1 areas for low memory corruption
[    0.000000] RAMDISK: [mem 0x35a69000-0x36d2bfff]
[    0.000000] ACPI: Early table checksum verification disabled
[    0.000000] ACPI: RSDP 0x00000000000E0000 000024 (v02 VBOX  )
[    0.000000] ACPI: XSDT 0x000000007FFF0030 00003C (v01 VBOX   VBOXXSDT 00000001 ASL  00000061)
[    0.000000] ACPI: FACP 0x000000007FFF00F0 0000F4 (v04 VBOX   VBOXFACP 00000001 ASL  00000061)
[    0.000000] ACPI: DSDT 0x000000007FFF0470 002325 (v02 VBOX   VBOXBIOS 00000002 INTL 20100528)
[    0.000000] ACPI: FACS 0x000000007FFF0200 000040
[    0.000000] ACPI: FACS 0x000000007FFF0200 000040
[    0.000000] ACPI: APIC 0x000000007FFF0240 00005C (v02 VBOX   VBOXAPIC 00000001 ASL  00000061)
[    0.000000] ACPI: SSDT 0x000000007FFF02A0 0001CC (v01 VBOX   VBOXCPUT 00000002 INTL 20100528)
[    0.000000] No NUMA configuration found
[    0.000000] Faking a node at [mem 0x0000000000000000-0x000000007ffeffff]
[    0.000000] NODE_DATA(0) allocated [mem 0x7ffc5000-0x7ffeffff]
[    0.000000] kvm-clock: cpu 0, msr 0:7ff44001, primary cpu clock
[    0.000000] kvm-clock: Using msrs 4b564d01 and 4b564d00
[    0.000000] kvm-clock: using sched offset of 5141337222 cycles
[    0.000000] clocksource: kvm-clock: mask: 0xffffffffffffffff max_cycles: 0x1cd42e4dffb, max_idle_ns: 881590591483 ns
[    0.000000] Zone ranges:
[    0.000000]   DMA      [mem 0x0000000000001000-0x0000000000ffffff]
[    0.000000]   DMA32    [mem 0x0000000001000000-0x000000007ffeffff]
[    0.000000]   Normal   empty
[    0.000000]   Device   empty
[    0.000000] Movable zone start for each node
[    0.000000] Early memory node ranges
[    0.000000]   node   0: [mem 0x0000000000001000-0x000000000009efff]
[    0.000000]   node   0: [mem 0x0000000000100000-0x000000007ffeffff]
[    0.000000] Reserved but unavailable: 98 pages
[    0.000000] Initmem setup node 0 [mem 0x0000000000001000-0x000000007ffeffff]
[    0.000000] ACPI: PM-Timer IO Port: 0x4008
[    0.000000] IOAPIC[0]: apic_id 2, version 32, address 0xfec00000, GSI 0-23
[    0.000000] ACPI: INT_SRC_OVR (bus 0 bus_irq 0 global_irq 2 dfl dfl)
[    0.000000] ACPI: INT_SRC_OVR (bus 0 bus_irq 9 global_irq 9 low level)
[    0.000000] Using ACPI (MADT) for SMP configuration information
[    0.000000] smpboot: Allowing 2 CPUs, 0 hotplug CPUs
[    0.000000] PM: Registered nosave memory: [mem 0x00000000-0x00000fff]
[    0.000000] PM: Registered nosave memory: [mem 0x0009f000-0x0009ffff]
[    0.000000] PM: Registered nosave memory: [mem 0x000a0000-0x000effff]
[    0.000000] PM: Registered nosave memory: [mem 0x000f0000-0x000fffff]
[    0.000000] e820: [mem 0x80000000-0xfebfffff] available for PCI devices
[    0.000000] Booting paravirtualized kernel on KVM
[    0.000000] clocksource: refined-jiffies: mask: 0xffffffff max_cycles: 0xffffffff, max_idle_ns: 7645519600211568 ns
[    0.000000] random: get_random_bytes called from start_kernel+0x99/0x500 with crng_init=0
[    0.000000] setup_percpu: NR_CPUS:8192 nr_cpumask_bits:2 nr_cpu_ids:2 nr_node_ids:1
[    0.000000] percpu: Embedded 45 pages/cpu s147456 r8192 d28672 u1048576
[    0.000000] PV qspinlock hash table entries: 256 (order: 0, 4096 bytes)
[    0.000000] Built 1 zonelists, mobility grouping on.  Total pages: 515961
[    0.000000] Policy zone: DMA32
[    0.000000] Kernel command line: BOOT_IMAGE=/boot/vmlinuz-4.15.0-112-generic root=LABEL=cloudimg-rootfs ro console=tty1 console=ttyS0
[    0.000000] Memory: 2015232K/2096696K available (12300K kernel code, 2481K rwdata, 4272K rodata, 2436K init, 2720K bss, 81464K reserved, 0K cma-reserved)
[    0.000000] SLUB: HWalign=64, Order=0-3, MinObjects=0, CPUs=2, Nodes=1
[    0.000000] Kernel/User page tables isolation: enabled
[    0.000000] ftrace: allocating 39378 entries in 154 pages
[    0.004000] Hierarchical RCU implementation.
[    0.004000] 	RCU restricting CPUs from NR_CPUS=8192 to nr_cpu_ids=2.
[    0.004000] 	Tasks RCU enabled.
[    0.004000] RCU: Adjusting geometry for rcu_fanout_leaf=16, nr_cpu_ids=2
[    0.004000] NR_IRQS: 524544, nr_irqs: 440, preallocated irqs: 16
[    0.004000] Console: colour VGA+ 80x25
[    0.004000] console [tty1] enabled
[    0.004000] console [ttyS0] enabled
[    0.004000] ACPI: Core revision 20170831
[    0.004000] ACPI: 2 ACPI AML tables successfully acquired and loaded
[    0.004000] APIC: Switch to symmetric I/O mode setup
[    0.004000] x2apic enabled
[    0.004000] Switched APIC routing to physical x2apic.
[    0.004000] ..TIMER: vector=0x30 apic1=0 pin1=2 apic2=-1 pin2=-1
[    0.004000] tsc: Detected 2207.998 MHz processor
[    0.004005] Calibrating delay loop (skipped) preset value.. 4415.99 BogoMIPS (lpj=8831992)
[    0.005205] pid_max: default: 32768 minimum: 301
[    0.005939] Security Framework initialized
[    0.006593] Yama: becoming mindful.
[    0.007119] AppArmor: AppArmor initialized
[    0.012000] Dentry cache hash table entries: 262144 (order: 9, 2097152 bytes)
[    0.020026] Inode-cache hash table entries: 131072 (order: 8, 1048576 bytes)
[    0.024014] Mount-cache hash table entries: 4096 (order: 3, 32768 bytes)
[    0.024942] Mountpoint-cache hash table entries: 4096 (order: 3, 32768 bytes)
[    0.026089] Last level iTLB entries: 4KB 64, 2MB 8, 4MB 8
[    0.028001] Last level dTLB entries: 4KB 64, 2MB 0, 4MB 0, 1GB 4
[    0.028877] Spectre V1 : Mitigation: usercopy/swapgs barriers and __user pointer sanitization
[    0.030089] Spectre V2 : Mitigation: Full generic retpoline
[    0.030870] Spectre V2 : Spectre v2 / SpectreRSB mitigation: Filling RSB on context switch
[    0.032001] Speculative Store Bypass: Vulnerable
[    0.032732] SRBDS: Unknown: Dependent on hypervisor status
[    0.033565] MDS: Mitigation: Clear CPU buffers
[    0.034324] Freeing SMP alternatives memory: 36K
[    0.144516] smpboot: CPU0: Intel(R) Core(TM) i7-8750H CPU @ 2.20GHz (family: 0x6, model: 0x9e, stepping: 0xa)
[    0.145946] Performance Events: unsupported p6 CPU model 158 no PMU driver, software events only.
[    0.147201] Hierarchical SRCU implementation.
[    0.148364] NMI watchdog: Perf event create on CPU 0 failed with -2
[    0.149355] NMI watchdog: Perf NMI watchdog permanently disabled
[    0.150479] smp: Bringing up secondary CPUs ...
[    0.151198] x86: Booting SMP configuration:
[    0.151873] .... node  #0, CPUs:      #1
[    0.004000] kvm-clock: cpu 1, msr 0:7ff44041, secondary cpu clock
[    0.156016] smp: Brought up 1 node, 2 CPUs
[    0.156539] smpboot: Max logical packages: 1
[    0.157079] smpboot: Total of 2 processors activated (8831.99 BogoMIPS)
[    0.157991] devtmpfs: initialized
[    0.157991] x86/mm: Memory block size: 128MB
[    0.160165] evm: security.selinux
[    0.160609] evm: security.SMACK64
[    0.161048] evm: security.SMACK64EXEC
[    0.161511] evm: security.SMACK64TRANSMUTE
[    0.162889] evm: security.SMACK64MMAP
[    0.164002] evm: security.apparmor
[    0.164455] evm: security.ima
[    0.168005] evm: security.capability
[    0.169062] clocksource: jiffies: mask: 0xffffffff max_cycles: 0xffffffff, max_idle_ns: 7645041785100000 ns
[    0.172010] futex hash table entries: 512 (order: 3, 32768 bytes)
[    0.172859] pinctrl core: initialized pinctrl subsystem
[    0.173662] RTC time:  0:51:22, date: 09/17/20
[    0.176109] NET: Registered protocol family 16
[    0.177735] audit: initializing netlink subsys (disabled)
[    0.178463] audit: type=2000 audit(1600303889.026:1): state=initialized audit_enabled=0 res=1
[    0.178463] cpuidle: using governor ladder
[    0.180005] cpuidle: using governor menu
[    0.180643] ACPI: bus type PCI registered
[    0.181164] acpiphp: ACPI Hot Plug PCI Controller Driver version: 0.5
[    0.182002] PCI: Using configuration type 1 for base access
[    0.192032] HugeTLB registered 2.00 MiB page size, pre-allocated 0 pages
[    0.193113] ACPI: Added _OSI(Module Device)
[    0.193113] ACPI: Added _OSI(Processor Device)
[    0.193632] ACPI: Added _OSI(3.0 _SCP Extensions)
[    0.193632] ACPI: Added _OSI(Processor Aggregator Device)
[    0.196017] ACPI: Added _OSI(Linux-Dell-Video)
[    0.196017] ACPI: Added _OSI(Linux-Lenovo-NV-HDMI-Audio)
[    0.196017] ACPI: Added _OSI(Linux-HPI-Hybrid-Graphics)
[    0.196017] ACPI: Executed 1 blocks of module-level executable AML code
[    0.202408] ACPI: Interpreter enabled
[    0.202961] ACPI: (supports S0 S5)
[    0.204003] ACPI: Using IOAPIC for interrupt routing
[    0.204823] PCI: Using host bridge windows from ACPI; if necessary, use "pci=nocrs" and report a bug
[    0.206090] ACPI: Enabled 2 GPEs in block 00 to 07
[    0.207465] ACPI: PCI Root Bridge [PCI0] (domain 0000 [bus 00-ff])
[    0.208006] acpi PNP0A03:00: _OSC: OS supports [ASPM ClockPM Segments MSI]
[    0.209247] acpi PNP0A03:00: _OSC: not requesting OS control; OS requires [ExtendedConfig ASPM ClockPM MSI]
[    0.210465] acpi PNP0A03:00: fail to add MMCONFIG information, can't access extended PCI configuration space under this bridge.
[    0.212286] PCI host bridge to bus 0000:00
[    0.212972] pci_bus 0000:00: root bus resource [io  0x0000-0x0cf7 window]
[    0.213933] pci_bus 0000:00: root bus resource [io  0x0d00-0xffff window]
[    0.214887] pci_bus 0000:00: root bus resource [mem 0x000a0000-0x000bffff window]
[    0.215995] pci_bus 0000:00: root bus resource [mem 0x80000000-0xfdffffff window]
[    0.220003] pci_bus 0000:00: root bus resource [bus 00-ff]
[    0.222334] pci 0000:00:01.1: legacy IDE quirk: reg 0x10: [io  0x01f0-0x01f7]
[    0.224002] pci 0000:00:01.1: legacy IDE quirk: reg 0x14: [io  0x03f6]
[    0.224951] pci 0000:00:01.1: legacy IDE quirk: reg 0x18: [io  0x0170-0x0177]
[    0.226469] pci 0000:00:01.1: legacy IDE quirk: reg 0x1c: [io  0x0376]
[    0.249302] pci 0000:00:07.0: quirk: [io  0x4000-0x403f] claimed by PIIX4 ACPI
[    0.250401] pci 0000:00:07.0: quirk: [io  0x4100-0x410f] claimed by PIIX4 SMB
[    0.263304] ACPI: PCI Interrupt Link [LNKA] (IRQs 5 9 10 *11)
[    0.264229] ACPI: PCI Interrupt Link [LNKB] (IRQs 5 9 *10 11)
[    0.265068] ACPI: PCI Interrupt Link [LNKC] (IRQs 5 *9 10 11)
[    0.265946] ACPI: PCI Interrupt Link [LNKD] (IRQs 5 9 10 *11)
[    0.266883] SCSI subsystem initialized
[    0.268048] pci 0000:00:02.0: vgaarb: setting as boot VGA device
[    0.268889] pci 0000:00:02.0: vgaarb: VGA device added: decodes=io+mem,owns=io+mem,locks=none
[    0.270022] pci 0000:00:02.0: vgaarb: bridge control possible
[    0.270732] vgaarb: loaded
[    0.271122] ACPI: bus type USB registered
[    0.271674] usbcore: registered new interface driver usbfs
[    0.272010] usbcore: registered new interface driver hub
[    0.272729] usbcore: registered new device driver usb
[    0.273550] EDAC MC: Ver: 3.0.0
[    0.273550] PCI: Using ACPI for IRQ routing
[    0.273550] NetLabel: Initializing
[    0.276002] NetLabel:  domain hash size = 128
[    0.276568] NetLabel:  protocols = UNLABELED CIPSOv4 CALIPSO
[    0.277348] NetLabel:  unlabeled traffic allowed by default
[    0.278093] clocksource: Switched to clocksource kvm-clock
[    0.305852] VFS: Disk quotas dquot_6.6.0
[    0.306621] VFS: Dquot-cache hash table entries: 512 (order 0, 4096 bytes)
[    0.307718] AppArmor: AppArmor Filesystem Enabled
[    0.308430] pnp: PnP ACPI init
[    0.309672] pnp: PnP ACPI: found 3 devices
[    0.315533] clocksource: acpi_pm: mask: 0xffffff max_cycles: 0xffffff, max_idle_ns: 2085701024 ns
[    0.316900] NET: Registered protocol family 2
[    0.317697] TCP established hash table entries: 16384 (order: 5, 131072 bytes)
[    0.318883] TCP bind hash table entries: 16384 (order: 6, 262144 bytes)
[    0.319817] TCP: Hash tables configured (established 16384 bind 16384)
[    0.320825] UDP hash table entries: 1024 (order: 3, 32768 bytes)
[    0.321842] UDP-Lite hash table entries: 1024 (order: 3, 32768 bytes)
[    0.324798] NET: Registered protocol family 1
[    0.332810] pci 0000:00:00.0: Limiting direct PCI/PCI transfers
[    0.333632] pci 0000:00:01.0: Activating ISA DMA hang workarounds
[    0.334766] pci 0000:00:02.0: Video device with shadowed ROM at [mem 0x000c0000-0x000dffff]
[    0.336079] Unpacking initramfs...
[    0.779587] Freeing initrd memory: 19212K
[    0.780301] clocksource: tsc: mask: 0xffffffffffffffff max_cycles: 0x1fd3b6211b4, max_idle_ns: 440795230313 ns
[    0.781892] platform rtc_cmos: registered platform RTC device (no PNP device found)
[    0.783072] Scanning for low memory corruption every 60 seconds
[    0.784365] Initialise system trusted keyrings
[    0.785047] Key type blacklist registered
[    0.785768] workingset: timestamp_bits=36 max_order=19 bucket_order=0
[    0.787761] zbud: loaded
[    0.788587] squashfs: version 4.0 (2009/01/31) Phillip Lougher
[    0.789508] fuse init (API version 7.26)
[    0.792794] Key type asymmetric registered
[    0.793432] Asymmetric key parser 'x509' registered
[    0.794211] Block layer SCSI generic (bsg) driver version 0.4 loaded (major 246)
[    0.795542] io scheduler noop registered
[    0.796136] io scheduler deadline registered
[    0.796764] io scheduler cfq registered (default)
[    0.797847] ACPI: AC Adapter [AC] (on-line)
[    0.798766] input: Power Button as /devices/LNXSYSTM:00/LNXPWRBN:00/input/input0
[    0.800158] ACPI: Power Button [PWRF]
[    0.801091] input: Sleep Button as /devices/LNXSYSTM:00/LNXSLPBN:00/input/input1
[    0.802348] ACPI: Sleep Button [SLPF]
[    0.803125] Serial: 8250/16550 driver, 32 ports, IRQ sharing enabled
[    0.803767] ACPI: Battery Slot [BAT0] (battery present)
[    0.825317] 00:02: ttyS0 at I/O 0x3f8 (irq = 4, base_baud = 115200) is a 16550A
[    0.827275] Linux agpgart interface v0.103
[    0.832319] loop: module loaded
[    0.843676] scsi host0: ata_piix
[    0.844284] scsi host1: ata_piix
[    0.844869] ata1: PATA max UDMA/33 cmd 0x1f0 ctl 0x3f6 bmdma 0xd000 irq 14
[    0.845718] ata2: PATA max UDMA/33 cmd 0x170 ctl 0x376 bmdma 0xd008 irq 15
[    0.846919] libphy: Fixed MDIO Bus: probed
[    0.847539] tun: Universal TUN/TAP device driver, 1.6
[    0.848366] PPP generic driver version 2.4.2
[    0.849168] ehci_hcd: USB 2.0 'Enhanced' Host Controller (EHCI) Driver
[    0.850160] ehci-pci: EHCI PCI platform driver
[    0.850863] ehci-platform: EHCI generic platform driver
[    0.851627] ohci_hcd: USB 1.1 'Open' Host Controller (OHCI) Driver
[    0.852565] ohci-pci: OHCI PCI platform driver
[    0.853241] ohci-platform: OHCI generic platform driver
[    0.854058] uhci_hcd: USB Universal Host Controller Interface driver
[    0.855037] i8042: PNP: PS/2 Controller [PNP0303:PS2K,PNP0f03:PS2M] at 0x60,0x64 irq 1,12
[    0.856614] serio: i8042 KBD port at 0x60,0x64 irq 1
[    0.857366] serio: i8042 AUX port at 0x60,0x64 irq 12
[    0.858110] mousedev: PS/2 mouse device common for all mice
[    0.859092] input: AT Translated Set 2 keyboard as /devices/platform/i8042/serio0/input/input2
[    0.860612] rtc_cmos rtc_cmos: rtc core: registered rtc_cmos as rtc0
[    0.861652] rtc_cmos rtc_cmos: alarms up to one day, 114 bytes nvram
[    0.862500] i2c /dev entries driver
[    0.863062] device-mapper: uevent: version 1.0.3
[    0.863788] device-mapper: ioctl: 4.37.0-ioctl (2017-09-20) initialised: dm-devel@redhat.com
[    0.865179] ledtrig-cpu: registered to indicate activity on CPUs
[    0.868333] NET: Registered protocol family 10
[    0.871490] Segment Routing with IPv6
[    0.872025] NET: Registered protocol family 17
[    0.872595] Key type dns_resolver registered
[    0.873242] mce: Using 0 MCE banks
[    0.873696] RAS: Correctable Errors collector initialized.
[    0.874452] sched_clock: Marking stable (873206917, 0)->(1077118016, -203911099)
[    0.875595] registered taskstats version 1
[    0.876146] Loading compiled-in X.509 certificates
[    0.878311] Loaded X.509 cert 'Build time autogenerated kernel key: 1d4b83cbc5f7a3cd7e4471a5cf69d65d9314bdf5'
[    0.879639] zswap: loaded using pool lzo/zbud
[    0.882666] Key type big_key registered
[    0.883238] Key type trusted registered
[    0.885084] Key type encrypted registered
[    0.885854] AppArmor: AppArmor sha1 policy hashing enabled
[    0.887109] ima: No TPM chip found, activating TPM-bypass! (rc=-19)
[    0.888385] ima: Allocated hash algorithm: sha1
[    0.889397] evm: HMAC attrs: 0x1
[    0.890958]   Magic number: 4:631:860
[    0.891872] rtc_cmos rtc_cmos: setting system clock to 2020-09-17 00:51:23 UTC (1600303883)
[    0.900554] BIOS EDD facility v0.16 2004-Jun-25, 0 devices found
[    0.904853] EDD information not available.
[    1.028573] Freeing unused kernel image memory: 2436K
[    1.040977] Write protecting the kernel read-only data: 20480k
[    1.043796] Freeing unused kernel image memory: 2008K
[    1.045688] Freeing unused kernel image memory: 1872K
[    1.054091] x86/mm: Checked W+X mappings: passed, no W+X pages found.
[    1.055612] x86/mm: Checking user space page tables
[    1.061836] x86/mm: Checked W+X mappings: passed, no W+X pages found.
Loading, please wait...
starting version 237
[    1.118937] e1000: Intel(R) PRO/1000 Network Driver - version 7.3.21-k8-NAPI
[    1.120020] e1000: Copyright (c) 1999-2006 Intel Corporation.
[    1.127860] Fusion MPT base driver 3.04.20
[    1.128628] Copyright (c) 1999-2008 LSI Corporation
[    1.137677] AVX2 version of gcm_enc/dec engaged.
[    1.138428] AES CTR mode by8 optimization enabled
[    1.141402] Fusion MPT SPI Host driver 3.04.20
[    1.329202] input: ImExPS/2 Generic Explorer Mouse as /devices/platform/i8042/serio1/input/input4
[    1.484599] e1000 0000:00:03.0 eth0: (PCI:33MHz:32-bit) 02:81:95:49:87:ba
[    1.485762] e1000 0000:00:03.0 eth0: Intel(R) PRO/1000 Network Connection
[    1.855247] e1000 0000:00:08.0 eth1: (PCI:33MHz:32-bit) 08:00:27:20:9c:f9
[    1.856229] e1000 0000:00:08.0 eth1: Intel(R) PRO/1000 Network Connection
[    1.858063] e1000 0000:00:08.0 enp0s8: renamed from eth1
[    1.858925] mptbase: ioc0: Initiating bringup
[    1.884941] e1000 0000:00:03.0 enp0s3: renamed from eth0
[    2.501328] ioc0: LSI53C1030 A0: Capabilities={Initiator}
[    4.223653] scsi host2: ioc0: LSI53C1030 A0, FwRev=00000000h, Ports=1, MaxQ=256, IRQ=20
[    5.331230] scsi 2:0:0:0: Direct-Access     VBOX     HARDDISK         1.0  PQ: 0 ANSI: 5
[    5.670026] scsi target2:0:0: Beginning Domain Validation
[    5.672854] scsi target2:0:0: Domain Validation skipping write tests
[    5.673773] scsi target2:0:0: Ending Domain Validation
[    5.674540] scsi target2:0:0: asynchronous
[    5.675376] scsi 2:0:1:0: Direct-Access     VBOX     HARDDISK         1.0  PQ: 0 ANSI: 5
[    6.812629] scsi target2:0:1: Beginning Domain Validation
[    6.815075] random: fast init done
[    6.815741] scsi target2:0:1: Domain Validation skipping write tests
[    6.816617] scsi target2:0:1: Ending Domain Validation
[    6.817433] scsi target2:0:1: asynchronous
[    6.825546] random: systemd-udevd: uninitialized urandom read (16 bytes read)
[    6.825606] sd 2:0:0:0: Attached scsi generic sg0 type 0
[    6.826539] random: systemd-udevd: uninitialized urandom read (16 bytes read)
[    6.827461] sd 2:0:0:0: [sda] 20971520 512-byte logical blocks: (10.7 GB/10.0 GiB)
[    6.828458] random: systemd-udevd: uninitialized urandom read (16 bytes read)
[    6.829617] sd 2:0:0:0: [sda] Write Protect is off
[    6.831384] sd 2:0:1:0: Attached scsi generic sg1 type 0
[    6.831616] sd 2:0:0:0: [sda] Incomplete mode parameter data
[    6.833070] sd 2:0:0:0: [sda] Assuming drive cache: write through
[    6.834005] sd 2:0:1:0: [sdb] 20480 512-byte logical blocks: (10.5 MB/10.0 MiB)
[    6.835785] sd 2:0:1:0: [sdb] Write Protect is off
[    6.836898] sd 2:0:1:0: [sdb] Incomplete mode parameter data
[    6.837729] sd 2:0:1:0: [sdb] Assuming drive cache: write through
[    6.838797]  sda: sda1
[    6.840588] sd 2:0:0:0: [sda] Attached SCSI disk
[    6.843182] sd 2:0:1:0: [sdb] Attached SCSI disk
Begin: Loading essential drivers ... [    8.244147] raid6: sse2x1   gen() 12920 MB/s
[    8.292471] raid6: sse2x1   xor()  9902 MB/s
[    8.340300] raid6: sse2x2   gen() 15795 MB/s
[    8.388170] raid6: sse2x2   xor()  9864 MB/s
[    8.436463] raid6: sse2x4   gen() 18435 MB/s
[    8.484335] raid6: sse2x4   xor() 11750 MB/s
[    8.532234] raid6: avx2x1   gen() 25197 MB/s
[    8.580073] raid6: avx2x1   xor() 18429 MB/s
[    8.628096] raid6: avx2x2   gen() 29638 MB/s
[    8.676192] raid6: avx2x2   xor() 19232 MB/s
[    8.724219] raid6: avx2x4   gen() 34001 MB/s
[    8.772030] raid6: avx2x4   xor() 21116 MB/s
[    8.772653] raid6: using algorithm avx2x4 gen() 34001 MB/s
[    8.773438] raid6: .... xor() 21116 MB/s, rmw enabled
[    8.774116] raid6: using avx2x2 recovery algorithm
[    8.775766] xor: automatically using best checksumming function   avx       
[    8.777760] async_tx: api initialized (async)
done.
Begin: Running /scripts/init-premount ... done.
Begin: Mounting root file system ... Begin: Running /scripts/local-top ... done.
Begin: Running /scripts/local-premount ... [    8.812003] Btrfs loaded, crc32c=crc32c-intel
Scanning for Btrfs filesystems
done.
Warning: fsck not present, so skipping root file system
[    8.834376] EXT4-fs (sda1): mounted filesystem with ordered data mode. Opts: (null)
done.
Begin: Running /scripts/local-bottom ... done.
Begin: Running /scripts/init-bottom ... done.
[    8.957342] ip_tables: (C) 2000-2006 Netfilter Core Team
[    8.964648] systemd[1]: systemd 237 running in system mode. (+PAM +AUDIT +SELINUX +IMA +APPARMOR +SMACK +SYSVINIT +UTMP +LIBCRYPTSETUP +GCRYPT +GNUTLS +ACL +XZ +LZ4 +SECCOMP +BLKID +ELFUTILS +KMOD -IDN2 +IDN -PCRE2 default-hierarchy=hybrid)
[    8.967538] systemd[1]: Detected virtualization oracle.
[    8.968346] systemd[1]: Detected architecture x86-64.

Welcome to [1mUbuntu 18.04.5 LTS[0m!

[    8.975972] systemd[1]: Set hostname to <ubuntu>.
[    8.979866] systemd[1]: Initializing machine ID from random generator.
[    8.980925] systemd[1]: Installed transient /etc/machine-id file.
[    9.188501] systemd[1]: Created slice User and Session Slice.
[[0;32m  OK  [0m] Created slice User and Session Slice.
[    9.201212] systemd[1]: Set up automount Arbitrary Executable File Formats File System Automount Point.
[[0;32m  OK  [0m] Set up automount Arbitrary Executabâ€¦rmats File System Automount Point.
[    9.213707] systemd[1]: Reached target Swap.
[[0;32m  OK  [0m] Reached target Swap.
[    9.214787] systemd[1]: Started Forward Password Requests to Wall Directory Watch.
[[0;32m  OK  [0m] Started Forward Password Requests to Wall Directory Watch.
[[0;32m  OK  [0m] Reached target User and Group Name Lookups.
[[0;32m  OK  [0m] Created slice System Slice.
[[0;32m  OK  [0m] Listening on /dev/initctl Compatibility Named Pipe.
[[0;32m  OK  [0m] Listening on Device-mapper event daemon FIFOs.
[[0;32m  OK  [0m] Listening on LVM2 poll daemon socket.
[[0;32m  OK  [0m] Created slice system-serial\x2dgetty.slice.
[[0;32m  OK  [0m] Listening on Journal Audit Socket.
[[0;32m  OK  [0m] Listening on udev Control Socket.
[[0;32m  OK  [0m] Listening on Syslog Socket.
[[0;32m  OK  [0m] Listening on Journal Socket (/dev/log).
[[0;32m  OK  [0m] Listening on LVM2 metadata daemon socket.
[[0;32m  OK  [0m] Listening on Network Service Netlink Socket.
[[0;32m  OK  [0m] Listening on udev Kernel Socket.
[[0;32m  OK  [0m] Listening on Journal Socket.
         Mounting POSIX Message Queue File System...
         Mounting Kernel Debug File System...
         Starting Set the console keyboard layout...
         Starting Remount Root and Kernel File Systems...
[    9.274635] EXT4-fs (sda1): re-mounted. Opts: (null)
         Starting Create list of required stâ€¦ce nodes for the current kernel...
         Starting Journal Service...
         Mounting Huge Pages File System...
         Starting Monitoring of LVM2 mirrorsâ€¦ng dmeventd or progress polling...
         Starting Uncomplicated firewall...
         Starting Load Kernel Modules...
         Starting udev Coldplug all Devices...
[[0;32m  OK  [0m] Reached target System Time Synchronized.
[[0;32m  OK  [0m] Reached target Slices.
[[0;32m  OK  [0m] Mounted POSIX Message Queue File System.
[[0;32m  OK  [0m] Mounted Kernel Debug File System.
[[0;32m  OK  [0m] Started Remount Root and Kernel File Systems.
[[0;32m  OK  [0m] Started Create list of required staâ€¦vice nodes for the current kernel.
[[0;32m  OK  [0m] Mounted Huge Pages File System.
[[0;32m  OK  [0m] Started Uncomplicated firewall.
[[0;32m  OK  [0m] Started LVM2 metadata daemon.
         Starting Create Static Device Nodes in /dev...
         Starting Load/Save Random Seed...
[[0;32m  OK  [0m] Started Journal Service.
[[0;32m  OK  [0m] Started Create Static Device Nodes in /dev.
[[0;32m  OK  [0m] Started Load/Save Random Seed.
         Starting udev Kernel Device Manager...
         Starting Flush Journal to Persistent Storage...
[    9.415261] Loading iSCSI transport class v2.0-870.
[    9.420815] iscsi: registered transport (tcp)
[[0;32m  OK  [0m] Started Monitoring of LVM2 mirrors,â€¦sing dmeventd or progress polling.
[    9.469210] systemd-journald[412]: Received request to flush runtime journal from PID 1
[[0;32m  OK  [0m] Started udev Kernel Device Manager.
[[0;32m  OK  [0m] Started udev Coldplug all Devices.
[    9.495832] iscsi: registered transport (iser)
[[0;32m  OK  [0m] Started Load Kernel Modules.
         Mounting Kernel Configuration File System...
         Starting Apply Kernel Variables...
         Mounting FUSE Control File System...
[[0;32m  OK  [0m] Mounted FUSE Control File System.
[[0;32m  OK  [0m] Mounted Kernel Configuration File System.
[[0;32m  OK  [0m] Started Apply Kernel Variables.
[[0;32m  OK  [0m] Started Flush Journal to Persistent Storage.
[[0;32m  OK  [0m] Found device /dev/ttyS0.
[[0;32m  OK  [0m] Listening on Load/Save RF Kill Switch Status /dev/rfkill Watch.
[[0;32m  OK  [0m] Started Set the console keyboard layout.
[[0;32m  OK  [0m] Started Dispatch Password Requests to Console Directory Watch.
[[0;32m  OK  [0m] Reached target Local Encrypted Volumes.
[[0;32m  OK  [0m] Reached target Local File Systems (Pre).
[[0;32m  OK  [0m] Reached target Local File Systems.
         Starting Tell Plymouth To Write Out Runtime Data...
         Starting Set console font and keymap...
         Starting Commit a transient machine-id on disk...
         Starting AppArmor initialization...
         Starting ebtables ruleset management...
         Starting Create Volatile Files and Directories...
[[0;32m  OK  [0m] Started Tell Plymouth To Write Out Runtime Data.
[[0;32m  OK  [0m] Started Set console font and keymap.
[[0;32m  OK  [0m] Started Create Volatile Files and Directories.
         Starting Update UTMP about System Boot/Shutdown...
[[0;32m  OK  [0m] Started Update UTMP about System Boot/Shutdown.
[[0;32m  OK  [0m] Started ebtables ruleset management.
[[0;32m  OK  [0m] Started Commit a transient machine-id on disk.
[[0;32m  OK  [0m] Started AppArmor initialization.
         Starting Load AppArmor profiles managed internally by snapd...
         Starting Initial cloud-init job (pre-networking)...
[[0;32m  OK  [0m] Started Load AppArmor profiles managed internally by snapd.
[   11.688541] cloud-init[695]: Cloud-init v. 20.2-45-g5f7825e2-0ubuntu1~18.04.1 running 'init-local' at Thu, 17 Sep 2020 00:51:33 +0000. Up 11.37 seconds.
[[0;32m  OK  [0m] Started Initial cloud-init job (pre-networking).
[[0;32m  OK  [0m] Reached target Network (Pre).
         Starting Network Service...
[[0;32m  OK  [0m] Started Network Service.
         Starting Wait for Network to be Configured...
         Starting Network Name Resolution...
[[0;32m  OK  [0m] Started Network Name Resolution.
[[0;32m  OK  [0m] Reached target Host and Network Name Lookups.
[[0;32m  OK  [0m] Reached target Network.
[[0;32m  OK  [0m] Started Wait for Network to be Configured.
         Starting Initial cloud-init job (metadata service crawler)...
[   13.989649] cloud-init[833]: Cloud-init v. 20.2-45-g5f7825e2-0ubuntu1~18.04.1 running 'init' at Thu, 17 Sep 2020 00:51:36 +0000. Up 13.87 seconds.
[   13.991235] cloud-init[833]: ci-info: ++++++++++++++++++++++++++++++++++++++Net device info+++++++++++++++++++++++++++++++++++++++
[   13.992300] cloud-init[833]: ci-info: +--------+-------+----------------------------+---------------+--------+-------------------+
[   13.993465] cloud-init[833]: ci-info: | Device |   Up  |          Address           |      Mask     | Scope  |     Hw-Address    |
[   13.994547] cloud-init[833]: ci-info: +--------+-------+----------------------------+---------------+--------+-------------------+
[   14.005002] cloud-init[833]: ci-info: | enp0s3 |  True |         10.0.2.15          | 255.255.255.0 | global | 02:81:95:49:87:ba |
[   14.005730] cloud-init[833]: ci-info: | enp0s3 |  True | fe80::81:95ff:fe49:87ba/64 |       .       |  link  | 02:81:95:49:87:ba |
[   14.006460] cloud-init[833]: ci-info: | enp0s8 | False |             .              |       .       |   .    | 08:00:27:20:9c:f9 |
[   14.016690] cloud-init[833]: ci-info: |   lo   |  True |         127.0.0.1          |   255.0.0.0   |  host  |         .         |
[   14.017759] cloud-init[833]: ci-info: |   lo   |  True |          ::1/128           |       .       |  host  |         .         |
[   14.018893] cloud-init[833]: ci-info: +--------+-------+----------------------------+---------------+--------+-------------------+
[   14.020027] cloud-init[833]: ci-info: ++++++++++++++++++++++++++++Route IPv4 info+++++++++++++++++++++++++++++
[   14.036345] cloud-init[833]: ci-info: +-------+-------------+----------+-----------------+-----------+-------+
[   14.052223] cloud-init[833]: ci-info: | Route | Destination | Gateway  |     Genmask     | Interface | Flags |
[   14.053068] cloud-init[833]: ci-info: +-------+-------------+----------+-----------------+-----------+-------+
[   14.064445] cloud-init[833]: ci-info: |   0   |   0.0.0.0   | 10.0.2.2 |     0.0.0.0     |   enp0s3  |   UG  |
[   14.080308] cloud-init[833]: ci-info: |   1   |   10.0.2.0  | 0.0.0.0  |  255.255.255.0  |   enp0s3  |   U   |
[   14.081579] cloud-init[833]: ci-info: |   2   |   10.0.2.2  | 0.0.0.0  | 255.255.255.255 |   enp0s3  |   UH  |
[   14.082374] cloud-init[833]: ci-info: +-------+-------------+----------+-----------------+-----------+-------+
[   14.092303] cloud-init[833]: ci-info: +++++++++++++++++++Route IPv6 info+++++++++++++++++++
[   14.094021] cloud-init[833]: ci-info: +-------+-------------+---------+-----------+-------+
[   14.096931] cloud-init[833]: ci-info: | Route | Destination | Gateway | Interface | Flags |
[   14.113153] cloud-init[833]: ci-info: +-------+-------------+---------+-----------+-------+
[   14.124402] cloud-init[833]: ci-info: |   1   |  fe80::/64  |    ::   |   enp0s3  |   U   |
[   14.136687] cloud-init[833]: ci-info: |   3   |    local    |    ::   |   enp0s3  |   U   |
[   14.137644] cloud-init[833]: ci-info: |   4   |   ff00::/8  |    ::   |   enp0s3  |   U   |
[   14.148619] cloud-init[833]: ci-info: +-------+-------------+---------+-----------+-------+
[   14.624078] cloud-init[833]: Generating public/private rsa key pair.
[   14.636344] cloud-init[833]: Your identification has been saved in /etc/ssh/ssh_host_rsa_key.
[   14.648673] cloud-init[833]: Your public key has been saved in /etc/ssh/ssh_host_rsa_key.pub.
[[0;32m  OK  [0m] Started Initial cloud-init job (metadata service crawler).
[   14.668188] cloud-init[833]: The key fingerprint is:
[[0;32m  OK  [0m] Reached target Cloud-config availability.
[[   14.692984] cloud-init[833]: SHA256:6COMduK3DvxB1c0PkZpqK1bFSLe/6YHDueR8qaljngI root@ubuntu-bionic
[   14.695196] cloud-init[833]: The key's randomart image is:
[   14.696913] cloud-init[833]: +---[RSA 2048]----+
[0;32m  OK  [0m] Reached target System Initialization.
[   14.697070] cloud-init[833]: |          ..     |
[   14.698651] cloud-init[833]: |      ...o..     |
[   14.699089] cloud-init[833]: |     ..+.++      |
         [   14.708285] Starting Socket activation for snappy daemon.cloud-init
[833]: |     ...*  o     |
[[0;32m  OK  [0m] Started Daily apt download activities.
[   14.720991] cloud-init[833]: |    . .oS.  .    |
[   14.721821] cloud-init[833]: | .E+ .+. o.      |
[[   14.721879] [0;32m  OK  [0mcloud-init] [833]: Started Discard unused blocks once a week.|  *.=oo.* .+     |

[[   14.722614] cloud-init[833]: | o ==o+* +=.     |
[   14.722703] cloud-init[833]: |  .++*+o*+.      |
[   14.723031] cloud-init[833]: +----[SHA256]-----+
[   14.723358] cloud-init[833]: Generating public/private dsa key pair.
[0;32m  OK  [0m] Listening on UUID daemon activation socket.
[   14.723663] cloud-init[833]: Your identification has been saved in /etc/ssh/ssh_host_dsa_key.
[   14.725895] cloud-init[833]: Your public key has been saved in /etc/ssh/ssh_host_dsa_key.pub.
[[   14.726766] cloud-init[833]: The key fingerprint is:
[   14.726817] cloud-init[833]: SHA256:/NaAmMb38ic+ttpsZgTgZI7vSDTevOTmSDwKmozEHxk root@ubuntu-bionic
[   14.727301] cloud-init[833]: The key's randomart image is:
[0;32m  OK  [0m] Started ACPI Events Check.
[   14.727438] cloud-init[833]: +---[DSA 1024]----+
[[   14.729424] cloud-init[833]: |                 |
[   14.729493] cloud-init[833]: |      +          |
[0;32m  OK  [0m] Started Message of the Day.
[   14.729588] cloud-init[833]: |     * .         |
[[0;32m  OK  [0m[   14.731081] cloud-init[833]: |    +.o+..       |
[   14.731255] cloud-init[833]: |   E == S..      |
] Listening on Open-iSCSI iscsid Socket.
[   14.731513] cloud-init[833]: |.  .=.=. o.o     |
[[   14.756147] [0;32m  OK  [0mcloud-init] [833]: Started Daily apt upgrade and clean activities.|.o ++= ...+ .    |

[   14.756923] cloud-init[833]: |=o.ooo=  *B .    |
[   14.768884] cloud-init[833]: |+....o. .B*=     |
[   14.768945] cloud-init         [833]: Starting LXD - unix socket.+----[SHA256]-----+

[[0;32m  OK  [0m] Started Daily Cleanup of Temporary Directories.
[   14.769731] cloud-init[833]: Generating public/private ecdsa key pair.
[   14.770498] cloud-init[833]: Your identification has been saved in /etc/ssh/ssh_host_ecdsa_key.
[   14.770565] cloud-init[833]: Your public key has been saved in /etc/ssh/ssh_host_ecdsa_key.pub.
[[0;32m  OK  [0m] Reached target Timers.
[   14.770609] cloud-init[833]: The key fingerprint is:
[[0;32m  OK  [0m[   14.784827] cloud-init[833]: SHA256:ki9ZxikuTreP18m20WesAw6cx1h1W5yTWuR/Xu1fElg root@ubuntu-bionic
[   14.785012] cloud-init[833]: The key's randomart image is:
[   14.785366] cloud-init[833]: +---[ECDSA 256]---+
[   14.785676] cloud-init[833]: |              .oo|
[   14.785999] cloud-init[833]: |            . o=o|
[   14.786327] cloud-init[833]: |           . .E+.|
[   14.786638] cloud-init[833]: |       o ..  +. o|
[   14.786965] cloud-init[833]: |      +.S=  . . =|
[   14.787271] cloud-init[833]: |     . B= +. . +o|
[   14.787547] cloud-init[833]: |    o = .*.o. = +|
[   14.788001] cloud-init[833]: |   o o +. *..+ .o|
[   14.788351] cloud-init[833]: |    . oo......  .|
[   14.788669] cloud-init[833]: +----[SHA256]-----+
[   14.788993] cloud-init[833]: Generating public/private ed25519 key pair.
[   14.789112] cloud-init[833]: Your identification has been saved in /etc/ssh/ssh_host_ed25519_key.
[   14.789432] cloud-init[833]: Your public key has been saved in /etc/ssh/ssh_host_ed25519_key.pub.
[   14.789746] cloud-init[833]: The key fingerprint is:
[   14.790088] cloud-init[833]: SHA256:YmIWbx/GJ4zUYXfRAuotkE/8wbtcFA73flaua7SQFmw root@ubuntu-bionic
[   14.790396] cloud-init[833]: The key's randomart image is:
[   14.790746] cloud-init[833]: +--[ED25519 256]--+
[   14.791109] cloud-init[833]: |        o +.=o   |
[   14.791417] cloud-init[833]: |       = = =.o.  |
[   14.791779] cloud-init[833]: |    . + = o.o.. .|
[   14.791885] cloud-init[833]: |     + O o +E. ..|
[   14.792351] cloud-init[833]: |    + * S =..o. +|
[   14.792664] cloud-init[833]: |   o + + * o+ .+ |
[   14.793000] cloud-init[833]: |        . o. o.. |
[   14.793319] cloud-init[833]: |              o. |
[   14.793899] cloud-init[833]: |             ..  |
[   14.794651] cloud-init[833]: +----[SHA256]-----+
] Reached target Paths.
[[0;32m  OK  [0m] Listening on D-Bus System Message Bus Socket.
[[0;32m  OK  [0m] Listening on ACPID Listen Socket.
[[0;32m  OK  [0m] Reached target Network is Online.
         Starting Availability of block devices...
[[0;32m  OK  [0m] Reached target Remote File Systems (Pre).
[[0;32m  OK  [0m] Reached target Remote File Systems.
[[0;32m  OK  [0m] Listening on Socket activation for snappy daemon.
[[0;32m  OK  [0m] Listening on LXD - unix socket.
[[0;32m  OK  [0m] Started Availability of block devices.
[[0;32m  OK  [0m] Reached target Sockets.
[[0;32m  OK  [0m] Reached target Basic System.
         Starting LSB: Record successful boot for GRUB...
         Starting System Logging Service...
[[0;32m  OK  [0m] Started Regular background program processing daemon.
         Starting Login Service...
         Starting Virtualbox guest utils...
[[0;32m  OK  [0m] Started D-Bus System Message Bus.
         Starting Dispatcher daemon for systemd-networkd...
         Starting Permit User Sessions...
         Starting Accounts Service...
[[0;32m  OK  [0m] Started FUSE filesystem for LXC.
         Starting Pollinate to seed the pseudo random number generator...
         Starting LSB: automatic crash report generation...
[[0;32m  OK  [0m] Started irqbalance daemon.
         Starting LXD - container startup/shutdown...
         Starting Snap Daemon...
[[0;32m  OK  [0m] Started Deferred execution scheduler.
[[0;32m  OK  [0m] Started System Logging Service.
[[0;32m  OK  [0m] Started Dispatcher daemon for systemd-networkd.
[[0;32m  OK  [0m] Started Permit User Sessions.
[[0;32m  OK  [0m] Started LXD - container startup/shutdown.
[[0;32m  OK  [0m] Started Login Service.
         Starting Authorization Manager...
[[0;32m  OK  [0m] Started Unattended Upgrades Shutdown.
         Starting Terminate Plymouth Boot Screen...
         Starting Hold until boot process finishes up...
[[0;32m  OK  [0m] Started Hold until boot process finishes up.
[[0;32m  OK  [0m] Started Terminate Plymouth Boot Screen.
         Starting Set console scheme...
[[0;32m  OK  [0m] Started Serial Getty on ttyS0.
[[0;32m  OK  [0m] Started LSB: automatic crash report generation.
[[0;32m  OK  [0m] Started Set console scheme.
[[0;32m  OK  [0m] Created slice system-getty.slice.
[[0;32m  OK  [0m] Started Getty on tty1.
[[0;32m  OK  [0m] Reached target Login Prompts.
[[0;32m  OK  [0m] Started Authorization Manager.
[[0;32m  OK  [0m] Started Accounts Service.
[[0;32m  OK  [0m] Started LSB: Record successful boot for GRUB.
[[0;32m  OK  [0m] Started Virtualbox guest utils.
[[0;32m  OK  [0m] Started Snap Daemon.
         Starting Wait until snapd is fully seeded...
[[0;32m  OK  [0m] Started Wait until snapd is fully seeded.
         Starting Apply the settings specified in cloud-config...
[   17.160601] cloud-init[1388]: Cloud-init v. 20.2-45-g5f7825e2-0ubuntu1~18.04.1 running 'modules:config' at Thu, 17 Sep 2020 00:51:39 +0000. Up 16.85 seconds.
[[0;32m  OK  [0m] Started Apply the settings specified in cloud-config.
[[0;32m  OK  [0m] Started Pollinate to seed the pseudo random number generator.
         Starting OpenBSD Secure Shell server...
[[0;32m  OK  [0m] Started OpenBSD Secure Shell server.
[[0;32m  OK  [0m] Reached target Multi-User System.
[[0;32m  OK  [0m] Reached target Graphical Interface.
         Starting Update UTMP about System Runlevel Changes...
         Starting Execute cloud user/final scripts...
[[0;32m  OK  [0m] Started Update UTMP about System Runlevel Changes.
[[0;32m  OK  [0m] Created slice User Slice of vagrant.
         Starting User Manager for UID 1000...
[[0;32m  OK  [0m] Started Session 1 of user vagrant.
[[0;32m  OK  [0m] Started User Manager for UID 1000.
ci-info: no authorized SSH keys fingerprints found for user ubuntu.
<14>Sep 17 00:51:40 ec2: 
<14>Sep 17 00:51:40 ec2: #############################################################
<14>Sep 17 00:51:40 ec2: -----BEGIN SSH HOST KEY FINGERPRINTS-----
<14>Sep 17 00:51:40 ec2: 1024 SHA256:/NaAmMb38ic+ttpsZgTgZI7vSDTevOTmSDwKmozEHxk root@ubuntu-bionic (DSA)
<14>Sep 17 00:51:40 ec2: 256 SHA256:ki9ZxikuTreP18m20WesAw6cx1h1W5yTWuR/Xu1fElg root@ubuntu-bionic (ECDSA)
<14>Sep 17 00:51:40 ec2: 256 SHA256:YmIWbx/GJ4zUYXfRAuotkE/8wbtcFA73flaua7SQFmw root@ubuntu-bionic (ED25519)
<14>Sep 17 00:51:40 ec2: 2048 SHA256:6COMduK3DvxB1c0PkZpqK1bFSLe/6YHDueR8qaljngI root@ubuntu-bionic (RSA)
<14>Sep 17 00:51:40 ec2: -----END SSH HOST KEY FINGERPRINTS-----
<14>Sep 17 00:51:40 ec2: #############################################################
-----BEGIN SSH HOST KEY KEYS-----
ecdsa-sha2-nistp256 AAAAE2VjZHNhLXNoYTItbmlzdHAyNTYAAAAIbmlzdHAyNTYAAABBBIfJb8pCOhDPbnLDIRvqY3mPrhFXLRQprica4DDdLZavIik012Kv1+BYcMuZq+hG+O3HWal1h8v6LySFg23xvjo= root@ubuntu-bionic
ssh-ed25519 AAAAC3NzaC1lZDI1NTE5AAAAIItzZsZ5uE3q7/DzQteaBT3z6PG366pPtFQy7LImKUTf root@ubuntu-bionic
ssh-rsa AAAAB3NzaC1yc2EAAAADAQABAAABAQCyawbxAEQN4VRr1uJpiuz5OXywZJg1eAH/9VPmCqbqfLcqXFJXNvqXw8Ct6fCRkyJ0Fr78k35zPLdlMTEHSgYMtKyLn780G0dBMFOrTnVjVCo3RZSkdn7Y90pmVelbwmjFX4saWsFl4i4nqInl9NEPGaBOxynEXKwDX8oSSBfHKxuy9mmueDaldG+DfCj5OX2QHxI9jGxUOLe0pPEPYaE1tVS0hdEmM5UiupOeaYo6aaxJhUM3PqoUBCs95lTTcBfOIDPU1zyT1uk5NQ0v6pt2mFg7zXnNodherj5fA3PYYhF2BzDDIHCVw38sMRZ+nImSIPZG1BjHLpQy8gs0920p root@ubuntu-bionic
-----END SSH HOST KEY KEYS-----
[   18.024427] cloud-init[1480]: Cloud-init v. 20.2-45-g5f7825e2-0ubuntu1~18.04.1 running 'modules:final' at Thu, 17 Sep 2020 00:51:40 +0000. Up 17.87 seconds.
[   18.025950] cloud-init[1480]: ci-info: no authorized SSH keys fingerprints found for user ubuntu.
[   18.026995] cloud-init[1480]: Cloud-init v. 20.2-45-g5f7825e2-0ubuntu1~18.04.1 finished at Thu, 17 Sep 2020 00:51:40 +0000. Datasource DataSourceNoCloud [seed=/dev/sdb][dsmode=net].  Up 18.01 seconds
[[0;32m  OK  [0m] Started Execute cloud user/final scripts.
[[0;32m  OK  [0m] Reached target Cloud-init target.

Ubuntu 18.04.5 LTS ubuntu-bionic ttyS0

ubuntu-bionic login: 